node:events:505
    throw er; // Unhandled 'error' event
    ^

Error: listen EADDRINUSE: address already in use :::3001
    at Server.setupListenHandle [as _listen2] (node:net:2324:16)
    at listenInCluster (node:net:2433:12)
    at Server.listen (node:net:2558:7)
    at app.listen (G:\fINAL ROUGH DRAFTAuctum Ledger Delivery\AUCTUM_LEDGER_LOTSPACE\app\node_modules\express\lib\application.js:635:24)
    at <anonymous> (G:\fINAL ROUGH DRAFTAuctum Ledger Delivery\AUCTUM_LEDGER_LOTSPACE\app\server\index.ts:8:20)
    at ModuleJob.run (node:internal/modules/esm/module_job:561:25)
    at async node:internal/modules/esm/loader:647:26
    at async asyncRunEntryPointWithESMLoader (node:internal/modules/run_main:101:5)
Emitted 'error' event on Server instance at:
    at emitErrorNT (node:net:2412:8)
    at process.processTicksAndRejections (node:internal/process/task_queues:90:21) {
  code: 'EADDRINUSE',
  errno: -4091,
  syscall: 'listen',
  address: '::',
  port: 3001
}

Node.js v24.20.0
